﻿
> coding-platform@0.0.0 build
> vite build

[36mvite v8.0.13 [32mbuilding client environment for production...[36m[39m
[2K
transforming...Γ£ô 2872 modules transformed.
rendering chunks...
computing gzip size...
dist/index.html                                              0.59 kB Γöé gzip:   0.36 kB
dist/assets/geist-cyrillic-ext-wght-normal-DjL33-gN.woff2    7.42 kB
dist/assets/geist-vietnamese-wght-normal-6IgcOCM7.woff2      8.00 kB
dist/assets/geist-cyrillic-wght-normal-BEAKL7Jp.woff2       15.08 kB
dist/assets/geist-latin-ext-wght-normal-DC-KSUi6.woff2      16.51 kB
dist/assets/geist-latin-wght-normal-BgDaEnEv.woff2          29.40 kB
dist/assets/index-gtTAB8hU.css                             102.68 kB Γöé gzip:  16.04 kB
dist/assets/index-CgoFdDT7.js                              998.09 kB Γöé gzip: 297.97 kB

[32mΓ£ô built in 916ms[39m
node.exe : [33m[plugin builtin:vite-reporter] 
At C:\Program Files\nodejs\npm.ps1:29 char:3
+   & $NODE_EXE $NPM_CLI_JS $args
+   ~~~~~~~~~~~~~~~~~~~~~~~~~~~~~
    + CategoryInfo          : NotSpecified: ([33m[plugin builtin:vite-reporter] :String) [], RemoteException
    + FullyQualifiedErrorId : NativeCommandError
 
(!) Some chunks are larger than 500 kB after minification. Consider:
- Using dynamic import() to code-split the application
- Use build.rolldownOptions.output.codeSplitting to improve chunking: 
https://rolldown.rs/reference/OutputOptions.codeSplitting
- Adjust chunk size limit for this warning via build.chunkSizeWarningLimit.[39m
